// Jest Snapshot v1, https://goo.gl/fbAQLP

exports[`blir tegnet riktig 1`] = `
<Text
  accessible={true}
  allowFontScaling={true}
  ellipsizeMode="tail"
  style={
    Object {
      "color": "#000",
      "fontFamily": "System",
      "fontSize": 16,
    }
  }
  uppercase={false}
  virtual={undefined}
>
  Gjøremål
</Text>
`;
