// Jest Snapshot v1, https://goo.gl/fbAQLP

exports[`blir tegnet riktig 1`] = `
<View
  style={
    Array [
      Object {},
      Object {
        "display": "flex",
        "flexDirection": "row",
        "justifyContent": "space-between",
        "width": "100%",
      },
    ]
  }
  virtual={undefined}
>
  <Text
    accessible={true}
    allowFontScaling={true}
    ellipsizeMode="tail"
    style={
      Array [
        Object {
          "color": "#000",
          "fontFamily": "System",
          "fontSize": 16,
        },
        Object {
          "width": "75%",
        },
      ]
    }
    uppercase={false}
    virtual={undefined}
  >
    Testgjøremål
  </Text>
  <View
    accessibilityComponentType={undefined}
    accessibilityLabel={undefined}
    accessibilityTraits={undefined}
    accessible={true}
    collapsable={undefined}
    hasTVPreferredFocus={undefined}
    hitSlop={undefined}
    isTVSelectable={true}
    nativeID={undefined}
    onLayout={undefined}
    onResponderGrant={[Function]}
    onResponderMove={[Function]}
    onResponderRelease={[Function]}
    onResponderTerminate={[Function]}
    onResponderTerminationRequest={[Function]}
    onStartShouldSetResponder={[Function]}
    style={
      Object {
        "alignItems": "center",
        "alignSelf": "flex-start",
        "backgroundColor": "#62B1F6",
        "borderBottomWidth": null,
        "borderColor": "#007aff",
        "borderLeftWidth": null,
        "borderRadius": 57,
        "borderRightWidth": null,
        "borderTopWidth": null,
        "borderWidth": undefined,
        "elevation": 2,
        "flexDirection": "row",
        "height": 30,
        "justifyContent": "space-between",
        "opacity": 1,
        "paddingBottom": 6,
        "paddingTop": 6,
        "shadowColor": undefined,
        "shadowOffset": undefined,
        "shadowOpacity": undefined,
        "shadowRadius": undefined,
        "width": "25%",
      }
    }
    testID={undefined}
    tvParallaxProperties={undefined}
  >
    <Text
      accessible={true}
      allowFontScaling={true}
      ellipsizeMode="tail"
      style={
        Object {
          "backgroundColor": "transparent",
          "color": "#fff",
          "fontFamily": "System",
          "fontSize": 14,
          "marginLeft": 0,
          "marginRight": 0,
          "paddingLeft": 16,
          "paddingRight": 16,
        }
      }
      uppercase={false}
      virtual={undefined}
    >
      Fjern
    </Text>
    <Text
      accessible={true}
      allowFontScaling={true}
      ellipsizeMode="tail"
    />
  </View>
</View>
`;
